../Core/Src/main.c:62:5:__io_putchar	16	static
../Core/Src/main.c:74:5:main	56	static
../Core/Src/main.c:121:6:GPIO_Init	4	static
../Core/Src/main.c:152:6:UART_Init	8	static
../Core/Src/main.c:173:15:uart_write	40	static
../Core/Src/main.c:187:13:uart_write_byte	16	static
../Core/Src/main.c:193:16:uart_read_byte	24	static
../Core/Src/main.c:200:13:uart_set_baudrate	24	static
../Core/Src/main.c:206:17:compute_uart_bd	24	static
../Core/Src/main.c:216:6:SystemClock_Config	72	static
../Core/Src/main.c:256:6:Error_Handler	4	static,ignoring_inline_asm
